

                             _   _
                            (_) | |
      __ _   _ __   __   __  _  | |
     / _` | | '_ \  \ \ / / | | | |
    | (_| | | | | |  \ V /  | | | |
     \__,_| |_| |_|   \_/   |_| |_|

    1.7.1 (4072e48705 2026-05-08T07:50:55.527285345Z)
    https://github.com/foundry-rs/foundry

Available Accounts
==================

(0) 0xf39Fd6e51aad88F6F4ce6aB8827279cffFb92266 (10000.000000000000000000 ETH)
(1) 0x70997970C51812dc3A010C7d01b50e0d17dc79C8 (10000.000000000000000000 ETH)
(2) 0x3C44CdDdB6a900fa2b585dd299e03d12FA4293BC (10000.000000000000000000 ETH)
(3) 0x90F79bf6EB2c4f870365E785982E1f101E93b906 (10000.000000000000000000 ETH)
(4) 0x15d34AAf54267DB7D7c367839AAf71A00a2C6A65 (10000.000000000000000000 ETH)
(5) 0x9965507D1a55bcC2695C58ba16FB37d819B0A4dc (10000.000000000000000000 ETH)
(6) 0x976EA74026E726554dB657fA54763abd0C3a0aa9 (10000.000000000000000000 ETH)
(7) 0x14dC79964da2C08b23698B3D3cc7Ca32193d9955 (10000.000000000000000000 ETH)
(8) 0x23618e81E3f5cdF7f54C3d65f7FBc0aBf5B21E8f (10000.000000000000000000 ETH)
(9) 0xa0Ee7A142d267C1f36714E4a8F75612F20a79720 (10000.000000000000000000 ETH)

Private Keys
==================

(0) 0xac0974bec39a17e36ba4a6b4d238ff944bacb478cbed5efcae784d7bf4f2ff80
(1) 0x59c6995e998f97a5a0044966f0945389dc9e86dae88c7a8412f4603b6b78690d
(2) 0x5de4111afa1a4b94908f83103eb1f1706367c2e68ca870fc3fb9a804cdab365a
(3) 0x7c852118294e51e653712a81e05800f419141751be58f605c371e15141b007a6
(4) 0x47e179ec197488593b187f80a00eb0da91f1b9d0b13f8733639f19c30a34926a
(5) 0x8b3a350cf5c34c9194ca85829a2df0ec3153be0318b5e2d3348e872092edffba
(6) 0x92db14e403b83dfe3df233f83dfa3a0d7096f21ca9b0d6d6b8d88b2b4ec1564e
(7) 0x4bbbf85ce3377467afe5d46f804f221813b2bb87f24d81f60f1fcdbf7cbf4356
(8) 0xdbda1821b80551c9d65939329250298aa3472ba22feea921c0cf5d620ea67b97
(9) 0x2a871d0798f97d79848a013d4936a73bf4cc922c825d33c1cf7073dff6d409c6

Wallet
==================
Mnemonic:          test test test test test test test test test test test junk
Derivation path:   m/44'/60'/0'/0/


Chain ID
==================

1337

Base Fee
==================

1000000000

Gas Limit
==================

30000000

Genesis Timestamp
==================

1783727765

Genesis Number
==================

0

Listening on 127.0.0.1:8545
eth_chainId
eth_chainId
eth_chainId
eth_getTransactionCount
eth_getCode
eth_chainId
eth_getBlockByNumber
eth_gasPrice
eth_chainId
eth_chainId
eth_getBlockByNumber
eth_getCode
eth_getBalance
eth_getAccountInfo
eth_getTransactionCount
eth_getAccount
eth_getCode
eth_getCode
eth_getBalance
eth_getTransactionCount
eth_getCode
eth_getBalance
eth_getTransactionCount
eth_getCode
eth_getBalance
eth_getTransactionCount
eth_getBalance
eth_getCode
eth_getTransactionCount
eth_getCode
eth_getBalance
eth_getTransactionCount
eth_getCode
eth_getBalance
eth_getTransactionCount
eth_getCode
eth_getBalance
eth_getTransactionCount
eth_getBalance
eth_getCode
eth_getTransactionCount
eth_chainId
eth_chainId
eth_chainId
eth_getBlockByNumber
eth_chainId
eth_gasPrice
eth_chainId
eth_feeHistory
eth_feeHistory
eth_sendRawTransaction

    Transaction: 0x91f97e540abe83223120928d9ef75f6799c6a1dc16c0bbb08099d4746084f866
    Contract created: 0x5FbDB2315678afecb367f032d93F642f64180aa3
    Gas used: 519714

    Block Number: 1
    Block Hash: 0x40146d956d56005a299d1d448d60345396cc887fcfd4b84ff3b949352f54a643
    Block Time: "Fri, 10 Jul 2026 23:56:06 +0000"

eth_sendRawTransaction
eth_sendRawTransaction
eth_sendRawTransaction
eth_sendRawTransaction
eth_sendRawTransaction
eth_sendRawTransaction
eth_sendRawTransaction
eth_sendRawTransaction
eth_sendRawTransaction
eth_sendRawTransaction
eth_sendRawTransaction

    Transaction: 0x4dba90802b53948427c463ab2a2e474defee0e6ec2ae40a06a86b53874bfb5b8
eth_sendRawTransaction
    Contract created: 0xe7f1725E7734CE288F8367e1Bb143E90bb3F0512
    Gas used: 519774

    Block Number: 2
    Block Hash: 0x848f0980f472d56265badd7fb9365e6660505f7b6702a27915d5dd7c40c50430
    Block Time: "Fri, 10 Jul 2026 23:56:06 +0000"

eth_sendRawTransaction

    Transaction: 0xaa4c2c137d719f62cf97282756ace978e1fbf3567f711f3dfe918470e6594aed
    Contract created: 0x9fE46736679d2D9a65F0992F2272dE9f3c7fa6e0
    Gas used: 519714

    Block Number: 3
    Block Hash: 0xbcc32bc78636239f34bef0e7a01a381812d4467bda96e694b7f39cdbedcdfe77
    Block Time: "Fri, 10 Jul 2026 23:56:06 +0000"

eth_sendRawTransaction

    Transaction: 0x6b57db3ff6fbd205b72c18ec20303fccb5a6424c8f863359ba0b7587a70efa2d
    Contract created: 0xCf7Ed3AccA5a467e9e704C703E8D87F634fB0Fc9
    Gas used: 1408363

    Transaction: 0x67ccc12cd561b0f228b423feba8782362078ed0f7602d61d23135ea70f106dd0
    Gas used: 1484170

    Transaction: 0xbea18a11c93d6e6ab7f964f4e86768c65596be0dbe2164542a2fe800a08e0599
    Gas used: 1559965

    Transaction: 0x887b062b0c2fd6adc16bc07cc946d3cd35def294a985d4781a1bd00087987b70
    Gas used: 1628061

    Block Number: 4
    Block Hash: 0xe94c1bca17c56718159ef55a38b15b7d32c40979dafea1ebfcd7b400dd0920a1
    Block Time: "Fri, 10 Jul 2026 23:56:06 +0000"


    Transaction: 0xfaedb227d04cd258967e791506b93595db8fc45bea8b43e8fb074b5651bf7495
    Gas used: 45947

    Transaction: 0x786973a180f83a835f7b6f2db29b8970100826d1ae4e86f914874b98d8a5a970
    Gas used: 126489

    Transaction: 0xdf872a2b6a82f8dc231745bd848083ae2477d267e0a39101c2b893ab518551ab
    Gas used: 194621

    Transaction: 0xaab5951b2b47c2e0bb424d6c1d8746d1c0d4363cf6f5399689cab4c23deda38f
    Gas used: 240604

    Transaction: 0xc972c50a870615d26e4ca1f06d1f3f26a19bd515facae0e334ff640aaf2327f2
    Gas used: 321182

    Transaction: 0xfdabb594c4f3bf16aa058a8aa2c1ee36d5ff2c796adaf0048322d40e720f57a1
    Gas used: 389326

    Transaction: 0xfb6078357b827520d163677499c6f24bc6845c19c15572a9f817ab508c49f25b
    Gas used: 435321

    Transaction: 0xb93dc45898f3ced08b0e06702cf43a1a1785c4dcfcfe9c0c4d5f031dd63c01f3
    Gas used: 515911

    Block Number: 5
    Block Hash: 0x17c8c2b86d54351a31d62ae27dd07dc15b391caa2ba445caa771e60854b9dd34
    Block Time: "Fri, 10 Jul 2026 23:56:06 +0000"

eth_getTransactionReceipt
eth_getTransactionReceipt
eth_getTransactionReceipt
eth_getTransactionReceipt
eth_getTransactionReceipt
eth_getTransactionReceipt
eth_getTransactionReceipt
eth_getTransactionReceipt
eth_getTransactionReceipt
eth_getTransactionReceipt
eth_getTransactionReceipt
eth_getTransactionReceipt
eth_getTransactionReceipt
eth_getTransactionReceipt
eth_getTransactionReceipt
eth_getTransactionReceipt
eth_getTransactionReceipt
eth_getTransactionReceipt
eth_getTransactionReceipt
eth_getTransactionReceipt
eth_getTransactionReceipt
eth_getTransactionReceipt
eth_getTransactionReceipt
eth_getTransactionReceipt
eth_getTransactionReceipt
eth_getTransactionReceipt
eth_getTransactionReceipt
eth_getTransactionReceipt
eth_getTransactionReceipt
eth_getTransactionReceipt
eth_chainId
eth_getTransactionCount
eth_feeHistory
eth_estimateGas
eth_sendRawTransaction
eth_getTransactionReceipt

    Transaction: 0xf8bc8ee82e6dde940c65a637c36c056e6680425bc87cdd49a5aff25aff5a1bf9
    Gas used: 51020

    Block Number: 6
    Block Hash: 0xd897b0890a21a1cb615c831413f86b3b171706ca62f65599098aa078313bc46e
    Block Time: "Fri, 10 Jul 2026 23:56:06 +0000"

eth_getTransactionReceipt
eth_getTransactionReceipt
eth_chainId
eth_getTransactionCount
eth_feeHistory
eth_estimateGas
eth_sendRawTransaction
eth_getTransactionReceipt

    Transaction: 0x7bfc66177ef242c8ea7abfbfb638ea139093b4470f12ed3ee8a859cdfd82f9e3
    Gas used: 46283

    Block Number: 7
    Block Hash: 0xe5e31769e21396014844e598f674572245d312c615c7464a6fe30a90f3299389
    Block Time: "Fri, 10 Jul 2026 23:56:06 +0000"

eth_getTransactionReceipt
eth_getTransactionReceipt
eth_chainId
eth_getTransactionCount
eth_feeHistory
eth_estimateGas
eth_sendRawTransaction
eth_getTransactionReceipt

    Transaction: 0x49a047a03e9359cfd2a61687e642dba3b4bf39f18eb8d04b28c6346d918afc33
    Gas used: 99998

    Block Number: 8
    Block Hash: 0x34ea840cfb7493b9169a5a56276aadb9daae6db6bd46d0af5845f7452309ae12
    Block Time: "Fri, 10 Jul 2026 23:56:07 +0000"

eth_getTransactionReceipt
eth_getTransactionReceipt
eth_chainId
eth_chainId
eth_getTransactionCount
eth_call
eth_chainId
eth_getTransactionCount
eth_feeHistory
eth_estimateGas
eth_sendRawTransaction
eth_getTransactionReceipt

    Transaction: 0xb57e4dc8ec2961f50522d22d3d5a245fc2f97077be9fe4237376bc8b8674dd04
    Gas used: 46283

    Block Number: 9
    Block Hash: 0x406aeb49cc02c7d3734791958cc323efbb0dd582030ff4f67d2dcfcd588bdbf4
    Block Time: "Fri, 10 Jul 2026 23:56:07 +0000"

eth_getTransactionReceipt
eth_getTransactionReceipt
eth_chainId
eth_getTransactionCount
eth_feeHistory
eth_estimateGas
eth_sendRawTransaction
eth_getTransactionReceipt

    Transaction: 0x3bf2e956e52f1dd4e8e6c91f6a0fabbb09542e3d7310467cb3ab140fab4af74d
    Gas used: 99962

    Block Number: 10
    Block Hash: 0x31ca4aa8d8ccfd48e53147b9fa66d606560e32dd46685a2dc0ed76ae429bd212
    Block Time: "Fri, 10 Jul 2026 23:56:07 +0000"

eth_getTransactionReceipt
eth_getTransactionReceipt
eth_chainId
eth_chainId
eth_getTransactionCount
eth_call
eth_chainId
eth_getTransactionCount
eth_feeHistory
eth_estimateGas
eth_sendRawTransaction
eth_getTransactionReceipt

    Transaction: 0x21d276fd309e29a991727a34c1ae60aa3adb0231f64a27bf6803c8564b0f5b57
    Gas used: 50996

    Block Number: 11
    Block Hash: 0x5aec991e2a2344664fdc7372bc8cfc98e03d378fed29c32b64eb3f60ee46b096
    Block Time: "Fri, 10 Jul 2026 23:56:07 +0000"

eth_getTransactionReceipt
eth_getTransactionReceipt
eth_chainId
eth_getTransactionCount
eth_feeHistory
eth_estimateGas

RPC request failed:
    Request: EthEstimateGas(WithOtherFields { inner: TransactionRequest { from: Some(0x70997970c51812dc3a010c7d01b50e0d17dc79c8), to: Some(Call(0xcf7ed3acca5a467e9e704c703e8d87f634fb0fc9)), gas_price: None, max_fee_per_gas: Some(546732623), max_priority_fee_per_gas: Some(1), max_fee_per_blob_gas: None, gas: None, value: None, input: TransactionInput { input: Some(0xd5bcb9b50000000000000000000000005fbdb2315678afecb367f032d93f642f64180aa3000000000000000000000000e7f1725e7734ce288f8367e1bb143e90bb3f05120000000000000000000000000000000000000000000000000000005d21dba000000000000000000000000000000000000000000000000000000000000000000000000000000000000000000070997970c51812dc3a010c7d01b50e0d17dc79c8), data: Some(0xd5bcb9b50000000000000000000000005fbdb2315678afecb367f032d93f642f64180aa3000000000000000000000000e7f1725e7734ce288f8367e1bb143e90bb3f05120000000000000000000000000000000000000000000000000000005d21dba000000000000000000000000000000000000000000000000000000000000000000000000000000000000000000070997970c51812dc3a010c7d01b50e0d17dc79c8) }, nonce: Some(4), chain_id: Some(1337), access_list: None, transaction_type: None, blob_versioned_hashes: None, sidecar: None, authorization_list: None }, other: OtherFields {} }, Some(pending), None, None)
    Error: Execution error: execution reverted: custom error 0xfed71cad: 000000000000000000000000000000000000000000000006d1a2394794c2033800000000000000000000000000000000000000000000000579a814e10a740000

eth_chainId
eth_chainId
eth_getTransactionCount
eth_call
